// Jest Snapshot v1, https://goo.gl/fbAQLP

exports[`Subscriptions renders 1`] = `
<Fragment>
  <SideBarHeader
    title="Subscriptions"
  />
  <Subscription
    broadcasting={true}
    label="Channel A"
  />
  <Subscription
    amountNewVideos={10}
    label="Channel B"
  />
  <Subscription
    amountNewVideos={23}
    label="Channel C"
  />
  <Subscription
    amountNewVideos={4}
    label="Channel D"
  />
  <Subscription
    amountNewVideos={114}
    label="Channel E"
  />
  <Divider />
</Fragment>
`;
